  Determining projects to restore...
  All projects are up-to-date for restore.
d:\RECOIL\Core\AppSettings.cs(22,52): error CS0103: The name 'Path' does not exist in the current context [d:\RECOIL\RecoilHelper.csproj]
d:\RECOIL\Core\AppSettings.cs(30,17): error CS0103: The name 'File' does not exist in the current context [d:\RECOIL\RecoilHelper.csproj]
d:\RECOIL\Core\AppSettings.cs(32,28): error CS0103: The name 'File' does not exist in the current context [d:\RECOIL\RecoilHelper.csproj]
d:\RECOIL\Core\AppSettings.cs(44,13): error CS0103: The name 'Directory' does not exist in the current context [d:\RECOIL\RecoilHelper.csproj]
d:\RECOIL\Core\AppSettings.cs(44,39): error CS0103: The name 'Path' does not exist in the current context [d:\RECOIL\RecoilHelper.csproj]
d:\RECOIL\Core\AppSettings.cs(45,13): error CS0103: The name 'File' does not exist in the current context [d:\RECOIL\RecoilHelper.csproj]

Build FAILED.

d:\RECOIL\Core\AppSettings.cs(22,52): error CS0103: The name 'Path' does not exist in the current context [d:\RECOIL\RecoilHelper.csproj]
d:\RECOIL\Core\AppSettings.cs(30,17): error CS0103: The name 'File' does not exist in the current context [d:\RECOIL\RecoilHelper.csproj]
d:\RECOIL\Core\AppSettings.cs(32,28): error CS0103: The name 'File' does not exist in the current context [d:\RECOIL\RecoilHelper.csproj]
d:\RECOIL\Core\AppSettings.cs(44,13): error CS0103: The name 'Directory' does not exist in the current context [d:\RECOIL\RecoilHelper.csproj]
d:\RECOIL\Core\AppSettings.cs(44,39): error CS0103: The name 'Path' does not exist in the current context [d:\RECOIL\RecoilHelper.csproj]
d:\RECOIL\Core\AppSettings.cs(45,13): error CS0103: The name 'File' does not exist in the current context [d:\RECOIL\RecoilHelper.csproj]
    0 Warning(s)
    6 Error(s)

Time Elapsed 00:00:00.80
